Turbo Assembler	 Version 4.1	    02/24/25 00:11:12	    Page 1
example1.asm



      1	0000			     .model tiny
      2				     .186
      3	0000			     .code				     ; Начало сегмента кода
      4				     ORG     100H		     ; Смещение	100H для программы типа	COM
      5				     ASSUME  CS:CODE,DS:CODE	     ; Назначение сегментов
**Error** example1.asm(5) Undefined symbol: CODE
      6	0100  EB 3C 90		     BEGIN:  JMP     START		     ; Переход на выполнение		    +
      7				     вспомогательной части
**Error** example1.asm(6) Undefined symbol: CODE
      8	0103				     OLD_VEC LABEL   DWORD
      9	0103  ????			     IP_OLD  DW	     ?		     ; Определение FAR метки
     10	0105  ????			     CS_OLD  DW	     ?
     11	0107			     PRO:				     ; НАЧАЛО РЕЗИДЕНТНОЙ ЧАСТИ
     12	0107  9C			     PUSHF			     ; Имитация	прерывания
     13	0108  2E: FF 1E	0103r		     CALL    CS:OLD_VEC		     ; Вызов системной обработки
**Error** example1.asm(12) Undefined symbol: CODE
     14	010D  50			     PUSH    AX			     ; Сохранение в стеке регистров+
     15				     AX	и ES
     16	010E  06			     PUSH    ES
     17	010F  B8 0000			     MOV     AX,0		     ; Чтение флагов состояния
     18	0112  8E C0			     MOV     ES,AX		     ; клавиатуры в регистр AL и
     19	0114  26: A0 0029		     MOV     AL,ES:[041	7H]	     ; определение нажаты ли		    +
     20				     клавиши
**Error** example1.asm(17) Need	right square bracket
     21	0118  24 0C			     AND     AL,00001100B	     ; Ctrl-Alt, если нет, то
     22	011A  3C 0C			     CMP     AL,00001100B	     ; возврат управления
     23	011C  75 1D			     JNZ     A1
**Error** example1.asm(20) Undefined symbol: CODE
     24	011E  51			     PUSH    CX			     ; Сохранение в стеке регистров
     25	011F  53			     PUSH    BX			     ; CX, BX и SI
     26	0120  56			     PUSH    SI
     27	0121  B8 B800			     MOV     AX,0B800H			     ; Адрес видеопамяти в ES
     28	0124  8E C0			     MOV     ES,AX
     29	0126  BE 0001			     MOV     SI,1		     ; Подготовка к инверсии		    +
     30				     яркости
     31	0129  B9 07D0			     MOV     CX,2000
     32	012C  26: 8A 04		     CYC:    MOV     AL,ES:[SI]		     ; Чтение байта видеопамяти
     33	012F  34 08			     XOR     AL,00001000B	     ; Инверсия	яркости (3-й бит)
     34	0131  26: 88 04			     MOV     ES:[SI],AL		     ; Запись байта на место
     35	0134  46			     INC     SI			     ; Увеличение смещения на 2
     36	0135  46			     INC     SI
     37	0136  E2 F4			     LOOP    CYC		     ; Если	не конец	экрана, то	    +
     38				     продолжить инверсию
**Error** example1.asm(33) Undefined symbol: CODE
     39	0138  5E			     POP     SI			     ; Восстановление регистров,
     40	0139  5B			     POP     BX			     ; испорченных во время
     41	013A  59			     POP     CX			     ; работы резидентной части
     42	013B  07		     A1:     POP     ES
     43	013C  58			     POP     AX
     44	013D  CF			     IRET			     ; Возврат управления
     45	013E			     START:				     ; НАЧАЛО ВСПОМОГАТЕЛЬНОЙ ЧАСТИ
     46	013E  B8 3509			     MOV     AX,3509H			     ; Чтение вектора 09H
     47	0141  CD 21			     INT     21H
     48	0143  89 1E 0103r		     MOV     IP_OLD,BX			     ; Запись вектора 09H в метку
**Error** example1.asm(43) Can't address with currently	ASSUMEd	segment	registers
     49	0147  8C 06 0105r		     MOV     CS_OLD,ES
**Error** example1.asm(44) Can't address with currently	ASSUMEd	segment	registers
Turbo Assembler	 Version 4.1	    02/24/25 00:11:12	    Page 2
example1.asm



     50	014B  B8 2509			     MOV     AX,2509H			     ; Установка вектора 09H на   +
     51				     адрес
     52	014E  BA 0107r			     LEA     DX,PRO		     ; резидентной процедуры PRO
     53	0151  CD 21			     INT     21H
     54	0153  BA 013Er			     LEA     DX,START			     ; Адрес конца резидентной +
     55				     части
     56	0156  CD 27			     INT     27H		     ; KEEP			     ; Конец	    +
     57				     сегмента кода
     58					     END     BEGIN		     ; Конец программы
Turbo Assembler	 Version 4.1	    02/24/25 00:11:12	    Page 3
Symbol Table




Symbol Name			  Type	 Value

??DATE				  Text	 "02/24/25"
??FILENAME			  Text	 "example1"
??TIME				  Text	 "00:11:12"
??VERSION			  Number 040A
@32BIT				  Text	 0
@CODE				  Text	 DGROUP
@CODESIZE			  Text	 0
@CPU				  Text	 0103H
@CURSEG				  Text	 _TEXT
@DATA				  Text	 DGROUP
@DATASIZE			  Text	 0
@FILENAME			  Text	 EXAMPLE1
@INTERFACE			  Text	 000H
@MODEL				  Text	 1
@STACK				  Text	 DGROUP
@WORDSIZE			  Text	 2
A1				  Near	 DGROUP:013B
BEGIN				  Near	 DGROUP:0100
CS_OLD				  Word	 DGROUP:0105
CYC				  Near	 DGROUP:012C
IP_OLD				  Word	 DGROUP:0103
OLD_VEC				  Dword	 DGROUP:0103
PRO				  Near	 DGROUP:0107
START				  Near	 DGROUP:013E

Groups & Segments		  Bit Size Align  Combine Class

DGROUP				  Group
  _DATA				  16  0000 Word	  Public  DATA
  _TEXT				  16  0158 Word	  Public  CODE
Turbo Assembler	 Version 4.1	    02/24/25 00:11:12	    Page 4
Error Summary



**Error** example1.asm(5) Undefined symbol: CODE
**Error** example1.asm(6) Undefined symbol: CODE
**Error** example1.asm(12) Undefined symbol: CODE
**Error** example1.asm(17) Need	right square bracket
**Error** example1.asm(20) Undefined symbol: CODE
**Error** example1.asm(33) Undefined symbol: CODE
**Error** example1.asm(43) Can't address with currently	ASSUMEd	segment	registers
**Error** example1.asm(44) Can't address with currently	ASSUMEd	segment	registers
