Turbo Assembler	 Version 4.1	    02/24/25 19:48:02	    Page 1
resident.asm



      1	0000			     .model tiny
      2				     .186
      3				     locals
      4	0000			     .code
      5				     org 100h
      6				     ;--------------------------------------------------------------------------|
      7	0100			     main:
      8
      9	0100  B0 B6			     mov al, 0b6h
     10	0102  E6 43			     out 43h, al
     11	0104  B0 D0			     mov al, 0d0h
     12	0106  E6 42			     out 42h, al
     13	0108  B0 11			     mov al, 11h
     14	010A  E6 42			     out 42h, al
     15
     16	010C  E4 61			     in	al, 61h
     17	010E  0C 03			     or	al, 03h
     18	0110  E6 61			     out 61h, al
     19
     20	0112  B9 0007			     mov cx, 00007h
     21	0115  BA A120			     mov dx, 0a120h
     22	0118  B4 86			     mov ah, 86h
     23	011A  CD 15			     int 15h
     24
     25	011C  E4 61			     in	al, 61h
     26	011E  24 FC			     and al, 0fch
     27	0120  E6 61			     out 61h, al
     28
     29	0122  C3			     ret
     30
     31				     end     main
Turbo Assembler	 Version 4.1	    02/24/25 19:48:02	    Page 2
Symbol Table




Symbol Name			  Type	 Value

??DATE				  Text	 "02/24/25"
??FILENAME			  Text	 "resident"
??TIME				  Text	 "19:48:02"
??VERSION			  Number 040A
@32BIT				  Text	 0
@CODE				  Text	 DGROUP
@CODESIZE			  Text	 0
@CPU				  Text	 0103H
@CURSEG				  Text	 _TEXT
@DATA				  Text	 DGROUP
@DATASIZE			  Text	 0
@FILENAME			  Text	 RESIDENT
@INTERFACE			  Text	 000H
@MODEL				  Text	 1
@STACK				  Text	 DGROUP
@WORDSIZE			  Text	 2
MAIN				  Near	 DGROUP:0100

Groups & Segments		  Bit Size Align  Combine Class

DGROUP				  Group
  _DATA				  16  0000 Word	  Public  DATA
  _TEXT				  16  0123 Word	  Public  CODE
